<?php return array (
  0 => 'Symfony\\Bundle\\FrameworkBundle\\Controller\\AbstractController',
  1 => 'App\\Controller\\AdminAccountController',
  2 => 'App\\Controller\\AdminDashboardController',
  3 => 'App\\Controller\\AdminParameterController',
  4 => 'App\\Controller\\AdminUserController',
  5 => 'App\\Controller\\BackController',
  6 => 'App\\Controller\\FrontController',
  7 => 'App\\Controller\\HomeController',
  8 => 'App\\Controller\\RegistrationController',
  9 => 'App\\Controller\\RegistrationController1',
  10 => 'App\\Controller\\ResetPasswordController',
  11 => 'App\\Controller\\SecurityController',
  12 => 'App\\Controller\\SecurityController1',
  13 => 'App\\Entity\\Accouplement',
  14 => 'App\\Entity\\Adoption',
  15 => 'App\\Entity\\CategorieADOP',
  16 => 'App\\Entity\\CategorieAcc',
  17 => 'App\\Entity\\CategorieP',
  18 => 'App\\Entity\\CategorieS',
  19 => 'App\\Entity\\CategorieV',
  20 => 'App\\Entity\\Produit',
  21 => 'App\\Entity\\Reclamation',
  22 => 'App\\Entity\\Reponse',
  23 => 'App\\Entity\\ServiceS',
  24 => 'App\\Entity\\ServiceV',
  25 => 'App\\Entity\\User',
  26 => 'Doctrine\\Bundle\\DoctrineBundle\\Controller\\ProfilerController',
  27 => 'Doctrine\\ORM\\Cache\\Persister\\Entity\\AbstractEntityPersister',
  28 => 'Doctrine\\ORM\\Cache\\Persister\\Entity\\CachedEntityPersister',
  29 => 'Doctrine\\ORM\\Cache\\Persister\\Entity\\NonStrictReadWriteCachedEntityPersister',
  30 => 'Doctrine\\ORM\\Cache\\Persister\\Entity\\ReadOnlyCachedEntityPersister',
  31 => 'Doctrine\\ORM\\Cache\\Persister\\Entity\\ReadWriteCachedEntityPersister',
  32 => 'Doctrine\\ORM\\Persisters\\Entity\\AbstractEntityInheritancePersister',
  33 => 'Doctrine\\ORM\\Persisters\\Entity\\BasicEntityPersister',
  34 => 'Doctrine\\ORM\\Persisters\\Entity\\CachedPersisterContext',
  35 => 'Doctrine\\ORM\\Persisters\\Entity\\EntityPersister',
  36 => 'Doctrine\\ORM\\Persisters\\Entity\\JoinedSubclassPersister',
  37 => 'Doctrine\\ORM\\Persisters\\Entity\\SingleTablePersister',
  38 => 'SymfonyCasts\\Bundle\\ResetPassword\\Controller\\ResetPasswordControllerTrait',
  40 => 'Symfony\\Bundle\\FrameworkBundle\\Controller\\ControllerResolver',
  41 => 'Symfony\\Bundle\\FrameworkBundle\\Controller\\RedirectController',
  42 => 'Symfony\\Bundle\\FrameworkBundle\\Controller\\TemplateController',
  43 => 'Symfony\\Bundle\\WebProfilerBundle\\Controller\\ExceptionPanelController',
  44 => 'Symfony\\Bundle\\WebProfilerBundle\\Controller\\ProfilerController',
  45 => 'Symfony\\Bundle\\WebProfilerBundle\\Controller\\RouterController',
  46 => 'Symfony\\Component\\HttpKernel\\Controller\\ArgumentResolver',
  47 => 'Symfony\\Component\\HttpKernel\\Controller\\ArgumentResolverInterface',
  48 => 'Symfony\\Component\\HttpKernel\\Controller\\ArgumentResolver\\DefaultValueResolver',
  49 => 'Symfony\\Component\\HttpKernel\\Controller\\ArgumentResolver\\NotTaggedControllerValueResolver',
  50 => 'Symfony\\Component\\HttpKernel\\Controller\\ArgumentResolver\\RequestAttributeValueResolver',
  51 => 'Symfony\\Component\\HttpKernel\\Controller\\ArgumentResolver\\RequestValueResolver',
  52 => 'Symfony\\Component\\HttpKernel\\Controller\\ArgumentResolver\\ServiceValueResolver',
  53 => 'Symfony\\Component\\HttpKernel\\Controller\\ArgumentResolver\\SessionValueResolver',
  54 => 'Symfony\\Component\\HttpKernel\\Controller\\ArgumentResolver\\TraceableValueResolver',
  55 => 'Symfony\\Component\\HttpKernel\\Controller\\ArgumentResolver\\VariadicValueResolver',
  56 => 'Symfony\\Component\\HttpKernel\\Controller\\ArgumentValueResolverInterface',
  57 => 'Symfony\\Component\\HttpKernel\\Controller\\ContainerControllerResolver',
  58 => 'Symfony\\Component\\HttpKernel\\Controller\\ControllerReference',
  59 => 'Symfony\\Component\\HttpKernel\\Controller\\ControllerResolver',
  60 => 'Symfony\\Component\\HttpKernel\\Controller\\ControllerResolverInterface',
  61 => 'Symfony\\Component\\HttpKernel\\Controller\\ErrorController',
  62 => 'Symfony\\Component\\HttpKernel\\Controller\\TraceableArgumentResolver',
  63 => 'Symfony\\Component\\HttpKernel\\Controller\\TraceableControllerResolver',
  64 => 'Symfony\\Component\\Security\\Http\\Controller\\UserValueResolver',
);